Processing kc868-a16 (platform: espressif32; board: esp32dev; framework: arduino)
--------------------------------------------------------------------------------
Verbose mode can be enabled via `-v, --verbose` option
CONFIGURATION: https://docs.platformio.org/page/boards/espressif32/esp32dev.html
PLATFORM: Espressif 32 (6.8.0) > Espressif ESP32 Dev Module
HARDWARE: ESP32 240MHz, 320KB RAM, 4MB Flash
DEBUG: Current (cmsis-dap) External (cmsis-dap, esp-bridge, esp-prog, iot-bus-jtag, jlink, minimodule, olimex-arm-usb-ocd, olimex-arm-usb-ocd-h, olimex-arm-usb-tiny-h, olimex-jtag-tiny, tumpa)
PACKAGES: 
 - framework-arduinoespressif32 @ 3.20017.241212+sha.dcc1105b 
 - tool-esptoolpy @ 1.40501.0 (4.5.1) 
 - toolchain-xtensa-esp32 @ 8.4.0+2021r2-patch5
LDF: Library Dependency Finder -> https://bit.ly/configure-pio-ldf
LDF Modes: Finder ~ chain, Compatibility ~ soft
Found 39 compatible libraries
Scanning dependencies...
Dependency Graph
|-- PCF8574 @ 0.4.4
|-- ArduinoJson @ 7.4.2
|-- PsychicHttp @ 2.1.1
|-- PubSubClient @ 2.8.0
|-- SimpleCLI @ 1.1.4
|-- Preferences @ 2.0.0
|-- Wire @ 2.0.0
|-- ESPmDNS @ 2.0.0
|-- Ethernet @ 2.0.0
|-- WiFi @ 2.0.0
|-- HTTPClient @ 2.0.0
|-- LittleFS @ 2.0.0
Building in release mode
Compiling .pio\build\kc868-a16\src\config_manager.cpp.o
Compiling .pio\build\kc868-a16\src\main.cpp.o
pio : In file included from src/config_manager.cpp:26:
At line:1 char:1
+ pio run -e kc868-a16 > build_output.txt 2>&1
+ ~~~~~~~~~~~~~~~~~~~~~~~~~~~~~~~~~~~~~~~~~~~~
    + CategoryInfo          : NotSpecified: (In file include...manager.cpp:26::String) [], RemoteExc 
   eption
    + FullyQualifiedErrorId : NativeCommandError
 
include/secrets.h:15: warning: "DEFAULT_TG_TOKEN" redefined
 #define DEFAULT_TG_TOKEN    "7189224196:AAGUcfcP6A34uCcvjL4myammMZWwhdVZEjs"
 
In file included from src/config_manager.cpp:9:
include/config_defaults.h:32: note: this is the location of the previous definition
   #define DEFAULT_TG_TOKEN         ""
 
In file included from src/config_manager.cpp:26:
include/secrets.h:16: warning: "DEFAULT_TG_CHATID" redefined
 #define DEFAULT_TG_CHATID   "7194065376"
 
In file included from src/config_manager.cpp:9:
include/config_defaults.h:35: note: this is the location of the previous definition
   #define DEFAULT_TG_CHATID        ""
 
src/config_manager.cpp: In function 'void configLoad(AlarmController*, ZoneManager*, IoService*, 
NotificationManager*, MqttService*, OnvifService*, PhoneAuthenticator*, SmsCommandProcessor*, 
SmsService*)':
src/config_manager.cpp:350:5: error: '_ctx' was not declared in this scope
     _ctx->whatsapp->setConfig(buf, keyBuf);
     ^~~~
src/config_manager.cpp:350:5: note: suggested alternative: '__tm'
     _ctx->whatsapp->setConfig(buf, keyBuf);
     ^~~~
     __tm
src/config_manager.cpp: In function 'void configSaveWhatsapp()':
src/config_manager.cpp:770:42: error: '_whatsapp' was not declared in this scope
         sess.p().putString(KEY_WA_PHONE, _whatsapp->getPhone());
                                          ^~~~~~~~~
src/config_manager.cpp: In function 'void configSaveTelegram()':
src/config_manager.cpp:780:42: error: '_telegram' was not declared in this scope
         sess.p().putString(KEY_TG_TOKEN, _telegram->getToken());
                                          ^~~~~~~~~
src/config_manager.cpp: In function 'void configPrint()':
src/config_manager.cpp:814:42: error: '_whatsapp' was not declared in this scope
     Serial.printf("  WA Phone:    %s\n", _whatsapp->getPhone());
                                          ^~~~~~~~~
src/config_manager.cpp:816:42: error: '_telegram' was not declared in this scope
     Serial.printf("  TG ChatID:   %s\n", _telegram->getChatId());
                                          ^~~~~~~~~
Compiling .pio\build\kc868-a16\lib478\PsychicHttp\PsychicHttpsServer.cpp.o
*** [.pio\build\kc868-a16\src\config_manager.cpp.o] Error 1
========================== [FAILED] Took 6.29 seconds ==========================

Environment    Status    Duration
-------------  --------  ------------
kc868-a16      FAILED    00:00:06.294
==================== 1 failed, 0 succeeded in 00:00:06.294 ====================
